
> types
> tsc --noEmit

resources/js/components/boundary-map-utils.ts(117,42): error TS2352: Conversion of type 'Record<string, unknown> | GeoJsonFeatureCollection' to type 'GeoJsonFeature' may be a mistake because neither type sufficiently overlaps with the other. If this was intentional, convert the expression to 'unknown' first.
  Property 'geometry' is missing in type 'GeoJsonFeatureCollection' but required in type 'GeoJsonFeature'.
resources/js/components/WoredaBoundaryMap.tsx(155,26): error TS7053: Element implicitly has an 'any' type because expression of type 'BoundaryLevel' can't be used to index type 'Record<"region" | "zone" | "woreda", PathOptions>'.
  Property 'place' does not exist on type 'Record<"region" | "zone" | "woreda", PathOptions>'.
resources/js/components/ZoneBoundaryMap.tsx(155,26): error TS7053: Element implicitly has an 'any' type because expression of type 'BoundaryLevel' can't be used to index type 'Record<"region" | "zone" | "woreda", PathOptions>'.
  Property 'place' does not exist on type 'Record<"region" | "zone" | "woreda", PathOptions>'.
resources/js/hooks/use-two-factor-auth.ts(31,26): error TS2345: Argument of type '(prev: TwoFactorAuthState) => { enabled: true; recoveryCodes: {}; qrCodeUrl?: string | undefined; secretKey?: string | undefined; }' is not assignable to parameter of type 'SetStateAction<TwoFactorAuthState>'.
  Type '(prev: TwoFactorAuthState) => { enabled: true; recoveryCodes: {}; qrCodeUrl?: string | undefined; secretKey?: string | undefined; }' is not assignable to type '(prevState: TwoFactorAuthState) => TwoFactorAuthState'.
    Call signature return types '{ enabled: true; recoveryCodes: {}; qrCodeUrl?: string | undefined; secretKey?: string | undefined; }' and 'TwoFactorAuthState' are incompatible.
      The types of 'recoveryCodes' are incompatible between these types.
        Type '{}' is missing the following properties from type 'string[]': length, pop, push, concat, and 35 more.
resources/js/hooks/use-two-factor-auth.ts(81,26): error TS2345: Argument of type '(prev: TwoFactorAuthState) => { recoveryCodes: {}; enabled: boolean; qrCodeUrl?: string | undefined; secretKey?: string | undefined; }' is not assignable to parameter of type 'SetStateAction<TwoFactorAuthState>'.
  Type '(prev: TwoFactorAuthState) => { recoveryCodes: {}; enabled: boolean; qrCodeUrl?: string | undefined; secretKey?: string | undefined; }' is not assignable to type '(prevState: TwoFactorAuthState) => TwoFactorAuthState'.
    Call signature return types '{ recoveryCodes: {}; enabled: boolean; qrCodeUrl?: string | undefined; secretKey?: string | undefined; }' and 'TwoFactorAuthState' are incompatible.
      The types of 'recoveryCodes' are incompatible between these types.
        Type '{}' is missing the following properties from type 'string[]': length, pop, push, concat, and 35 more.
resources/js/layouts/settings/layout.tsx(77,52): error TS2345: Argument of type 'NonNullable<string | UrlMethodPair | undefined> | undefined' is not assignable to parameter of type 'NonNullable<string | UrlMethodPair | undefined>'.
  Type 'undefined' is not assignable to type 'NonNullable<string | UrlMethodPair | undefined>'.
resources/js/layouts/settings/layout.tsx(84,41): error TS2345: Argument of type 'NonNullable<string | UrlMethodPair | undefined> | undefined' is not assignable to parameter of type 'NonNullable<string | UrlMethodPair | undefined>'.
  Type 'undefined' is not assignable to type 'NonNullable<string | UrlMethodPair | undefined>'.
resources/js/lib/validation.ts(1323,88): error TS2339: Property 'boundary_geojson' does not exist on type '{ name: (value: string) => "" | "Name must be at least 2 characters" | "Name cannot exceed 255 characters" | "Place name is required"; woreda_id: (value: string) => "" | "Woreda is required"; ... 9 more ...; road_quality_notes: (value: string) => "" | "Road quality notes cannot exceed 2,000 characters"; }'.
resources/js/pages/ActivityLogs/Index.tsx(468,34): error TS2551: Property 'causer' does not exist on type 'ActivityLogEntry'. Did you mean 'user'?
resources/js/pages/ActivityLogs/Index.tsx(468,48): error TS2551: Property 'causer' does not exist on type 'ActivityLogEntry'. Did you mean 'user'?
resources/js/pages/ActivityLogs/Index.tsx(469,92): error TS2551: Property 'causer' does not exist on type 'ActivityLogEntry'. Did you mean 'user'?
resources/js/pages/ActivityLogs/Show.tsx(203,29): error TS2322: Type 'ActivityLogEntrySummary[]' is not assignable to type 'ActivityLog[]'.
  Type 'ActivityLogEntrySummary' is not assignable to type 'ActivityLog'.
    Types of property 'action' are incompatible.
      Type 'string | null | undefined' is not assignable to type 'string | undefined'.
        Type 'null' is not assignable to type 'string | undefined'.
resources/js/pages/CargoTypes/Edit.tsx(107,15): error TS2345: Argument of type 'CargoTypeFormData' is not assignable to parameter of type 'keyof CargoTypeFormData'.
resources/js/pages/CargoTypes/Edit.tsx(134,98): error TS2339: Property 'join' does not exist on type 'never'.
resources/js/pages/Customers/Edit.tsx(70,14): error TS2741: Property 'id' is missing in type '{ children: Element; label: string; required: true; error: string | undefined; }' but required in type 'FormFieldProps'.
resources/js/pages/Customers/Edit.tsx(74,14): error TS2741: Property 'id' is missing in type '{ children: Element; label: string; error: string | undefined; }' but required in type 'FormFieldProps'.
resources/js/pages/Customers/Edit.tsx(78,14): error TS2741: Property 'id' is missing in type '{ children: Element; label: string; error: string | undefined; }' but required in type 'FormFieldProps'.
resources/js/pages/Customers/Edit.tsx(82,14): error TS2741: Property 'id' is missing in type '{ children: Element; label: string; error: string | undefined; }' but required in type 'FormFieldProps'.
resources/js/pages/Customers/Edit.tsx(86,14): error TS2741: Property 'id' is missing in type '{ children: Element; label: string; required: true; error: string | undefined; }' but required in type 'FormFieldProps'.
resources/js/pages/Customers/Edit.tsx(99,16): error TS2741: Property 'id' is missing in type '{ children: Element; label: string; error: string | undefined; }' but required in type 'FormFieldProps'.
resources/js/pages/Customers/Edit.tsx(107,8): error TS2559: Type '{ children: Element[]; }' has no properties in common with type 'IntrinsicAttributes & FormActionsBarProps'.
resources/js/pages/Customers/Edit.tsx(126,8): error TS2739: Type '{}' is missing the following properties from type 'ScrollToTopFabProps': visible, onClick
resources/js/pages/Distances/Edit.tsx(107,14): error TS2741: Property 'id' is missing in type '{ children: Element; label: string; required: true; error: string | undefined; }' but required in type 'FormFieldProps'.
resources/js/pages/Distances/Edit.tsx(122,14): error TS2741: Property 'id' is missing in type '{ children: Element; label: string; required: true; error: string | undefined; }' but required in type 'FormFieldProps'.
resources/js/pages/Distances/Edit.tsx(139,14): error TS2741: Property 'id' is missing in type '{ children: Element; label: string; required: true; error: string | undefined; }' but required in type 'FormFieldProps'.
resources/js/pages/Distances/Edit.tsx(143,14): error TS2741: Property 'id' is missing in type '{ children: Element; label: string; required: true; error: string | undefined; }' but required in type 'FormFieldProps'.
resources/js/pages/Distances/Edit.tsx(158,8): error TS2559: Type '{ children: Element[]; }' has no properties in common with type 'IntrinsicAttributes & FormActionsBarProps'.
resources/js/pages/Distances/Edit.tsx(177,8): error TS2739: Type '{}' is missing the following properties from type 'ScrollToTopFabProps': visible, onClick
resources/js/pages/Distances/Show.tsx(134,15): error TS2322: Type '{ id: number; name: string; latitude: number | null | undefined; longitude: number | null | undefined; woreda: HierarchySummary | null | undefined; }[]' is not assignable to type 'Place[]'.
  Type '{ id: number; name: string; latitude: number | null | undefined; longitude: number | null | undefined; woreda: HierarchySummary | null | undefined; }' is not assignable to type 'Place'.
    Types of property 'latitude' are incompatible.
      Type 'number | null | undefined' is not assignable to type 'number | undefined'.
        Type 'null' is not assignable to type 'number | undefined'.
resources/js/pages/Distances/Show.tsx(135,15): error TS2322: Type '{ id: number; name: string; latitude: number | null | undefined; longitude: number | null | undefined; woreda: HierarchySummary | null | undefined; }' is not assignable to type 'Place'.
  Types of property 'latitude' are incompatible.
    Type 'number | null | undefined' is not assignable to type 'number | undefined'.
      Type 'null' is not assignable to type 'number | undefined'.
resources/js/pages/Distances/Show.tsx(136,15): error TS2322: Type '{ id: number; name: string; latitude: number | null | undefined; longitude: number | null | undefined; woreda: HierarchySummary | null | undefined; }' is not assignable to type 'Place'.
  Types of property 'latitude' are incompatible.
    Type 'number | null | undefined' is not assignable to type 'number | undefined'.
      Type 'null' is not assignable to type 'number | undefined'.
resources/js/pages/DriverTrucks/Create.tsx(441,29): error TS2322: Type '{ value: string; onChange: (next: string | null) => void; fromDate: Date; toDate: Date; disabledDays: ({ before: Date; } | { after: Date; })[]; className: string; }' is not assignable to type 'IntrinsicAttributes & DatePickerProps'.
  Property 'disabledDays' does not exist on type 'IntrinsicAttributes & DatePickerProps'. Did you mean 'disabled'?
resources/js/pages/DriverTrucks/Edit.tsx(448,29): error TS2322: Type '{ value: string; onChange: (next: string | null) => void; fromDate: Date; toDate: Date; disabledDays: ({ before: Date; } | { after: Date; })[]; className: string; }' is not assignable to type 'IntrinsicAttributes & DatePickerProps'.
  Property 'disabledDays' does not exist on type 'IntrinsicAttributes & DatePickerProps'. Did you mean 'disabled'?
resources/js/pages/Financial/Create.tsx(139,16): error TS2741: Property 'id' is missing in type '{ children: Element; label: string; required: true; error: string; }' but required in type 'FormFieldProps'.
resources/js/pages/Financial/Create.tsx(154,16): error TS2741: Property 'id' is missing in type '{ children: Element; label: string; required: true; error: string; }' but required in type 'FormFieldProps'.
resources/js/pages/Financial/Create.tsx(163,16): error TS2741: Property 'id' is missing in type '{ children: Element; label: string; required: true; error: string; }' but required in type 'FormFieldProps'.
resources/js/pages/Financial/Create.tsx(176,16): error TS2741: Property 'id' is missing in type '{ children: Element; label: string; required: true; error: string; }' but required in type 'FormFieldProps'.
resources/js/pages/Financial/Create.tsx(192,14): error TS2741: Property 'id' is missing in type '{ children: Element; label: string; required: true; error: string; }' but required in type 'FormFieldProps'.
resources/js/pages/Financial/Create.tsx(203,14): error TS2741: Property 'id' is missing in type '{ children: Element; label: string; required: true; error: string; }' but required in type 'FormFieldProps'.
resources/js/pages/Financial/Create.tsx(214,14): error TS2741: Property 'id' is missing in type '{ children: Element; label: string; required: true; error: string; }' but required in type 'FormFieldProps'.
resources/js/pages/Financial/Create.tsx(225,14): error TS2741: Property 'id' is missing in type '{ children: Element; label: string; required: true; error: string; }' but required in type 'FormFieldProps'.
resources/js/pages/Financial/Create.tsx(236,14): error TS2741: Property 'id' is missing in type '{ children: Element; label: string; required: true; error: string; }' but required in type 'FormFieldProps'.
resources/js/pages/Financial/Create.tsx(247,14): error TS2741: Property 'id' is missing in type '{ children: Element; label: string; required: true; error: string; }' but required in type 'FormFieldProps'.
resources/js/pages/Financial/Create.tsx(261,8): error TS2559: Type '{ children: Element[]; }' has no properties in common with type 'IntrinsicAttributes & FormActionsBarProps'.
resources/js/pages/Financial/Create.tsx(270,8): error TS2739: Type '{}' is missing the following properties from type 'ScrollToTopFabProps': visible, onClick
resources/js/pages/Financial/Edit.tsx(163,14): error TS2741: Property 'id' is missing in type '{ children: Element; label: string; required: true; error: string | undefined; }' but required in type 'FormFieldProps'.
resources/js/pages/Financial/Edit.tsx(178,14): error TS2741: Property 'id' is missing in type '{ children: Element; label: string; required: true; error: string | undefined; }' but required in type 'FormFieldProps'.
resources/js/pages/Financial/Edit.tsx(182,14): error TS2741: Property 'id' is missing in type '{ children: Element; label: string; required: true; error: string | undefined; }' but required in type 'FormFieldProps'.
resources/js/pages/Financial/Edit.tsx(195,14): error TS2741: Property 'id' is missing in type '{ children: Element; label: string; required: true; error: string | undefined; }' but required in type 'FormFieldProps'.
resources/js/pages/Financial/Edit.tsx(203,14): error TS2741: Property 'id' is missing in type '{ children: Element; label: string; required: true; error: string | undefined; }' but required in type 'FormFieldProps'.
resources/js/pages/Financial/Edit.tsx(207,14): error TS2741: Property 'id' is missing in type '{ children: Element; label: string; required: true; error: string | undefined; }' but required in type 'FormFieldProps'.
resources/js/pages/Financial/Edit.tsx(211,14): error TS2741: Property 'id' is missing in type '{ children: Element; label: string; required: true; error: string | undefined; }' but required in type 'FormFieldProps'.
resources/js/pages/Financial/Edit.tsx(215,14): error TS2741: Property 'id' is missing in type '{ children: Element; label: string; required: true; error: string | undefined; }' but required in type 'FormFieldProps'.
resources/js/pages/Financial/Edit.tsx(219,14): error TS2741: Property 'id' is missing in type '{ children: Element; label: string; required: true; error: string | undefined; }' but required in type 'FormFieldProps'.
resources/js/pages/Financial/Edit.tsx(223,14): error TS2741: Property 'id' is missing in type '{ children: Element; label: string; required: true; error: string | undefined; }' but required in type 'FormFieldProps'.
resources/js/pages/Financial/Edit.tsx(230,8): error TS2559: Type '{ children: Element[]; }' has no properties in common with type 'IntrinsicAttributes & FormActionsBarProps'.
resources/js/pages/Financial/Edit.tsx(249,8): error TS2739: Type '{}' is missing the following properties from type 'ScrollToTopFabProps': visible, onClick
resources/js/pages/Financial/Index.tsx(365,9): error TS2322: Type '{ open: boolean; onClose: () => void; onConfirm: () => void; itemName: string; title: string; description: string; }' is not assignable to type 'IntrinsicAttributes & DeleteConfirmationDialogProps'.
  Property 'onClose' does not exist on type 'IntrinsicAttributes & DeleteConfirmationDialogProps'.
resources/js/pages/Fuel/Create.tsx(223,16): error TS2741: Property 'id' is missing in type '{ children: Element; label: string; required: true; error: string; }' but required in type 'FormFieldProps'.
resources/js/pages/Fuel/Create.tsx(300,16): error TS2741: Property 'id' is missing in type '{ children: Element; label: string; required: true; error: string; }' but required in type 'FormFieldProps'.
resources/js/pages/Fuel/Create.tsx(312,16): error TS2741: Property 'id' is missing in type '{ children: Element; label: string; required: true; error: string; }' but required in type 'FormFieldProps'.
resources/js/pages/Fuel/Create.tsx(359,8): error TS2559: Type '{ children: Element[]; }' has no properties in common with type 'IntrinsicAttributes & FormActionsBarProps'.
resources/js/pages/Fuel/Create.tsx(384,8): error TS2739: Type '{}' is missing the following properties from type 'ScrollToTopFabProps': visible, onClick
resources/js/pages/Fuel/Edit.tsx(164,12): error TS2741: Property 'id' is missing in type '{ children: Element; label: string; required: true; error: string | undefined; }' but required in type 'FormFieldProps'.
resources/js/pages/Fuel/Edit.tsx(214,14): error TS2741: Property 'id' is missing in type '{ children: Element; label: string; required: true; error: string | undefined; }' but required in type 'FormFieldProps'.
resources/js/pages/Fuel/Edit.tsx(225,14): error TS2741: Property 'id' is missing in type '{ children: Element; label: string; required: true; error: string | undefined; }' but required in type 'FormFieldProps'.
resources/js/pages/Fuel/Edit.tsx(238,14): error TS2741: Property 'id' is missing in type '{ children: Element; label: string; required: true; error: string | undefined; }' but required in type 'FormFieldProps'.
resources/js/pages/Fuel/Edit.tsx(242,14): error TS2741: Property 'id' is missing in type '{ children: Element; label: string; required: true; error: string | undefined; }' but required in type 'FormFieldProps'.
resources/js/pages/Fuel/Edit.tsx(246,14): error TS2741: Property 'id' is missing in type '{ children: Element; label: string; }' but required in type 'FormFieldProps'.
resources/js/pages/Fuel/Edit.tsx(250,14): error TS2741: Property 'id' is missing in type '{ children: Element; label: string; }' but required in type 'FormFieldProps'.
resources/js/pages/Fuel/Edit.tsx(254,14): error TS2741: Property 'id' is missing in type '{ children: Element; label: string; }' but required in type 'FormFieldProps'.
resources/js/pages/Fuel/Edit.tsx(268,12): error TS2741: Property 'id' is missing in type '{ children: Element; label: string; }' but required in type 'FormFieldProps'.
resources/js/pages/Fuel/Edit.tsx(274,8): error TS2559: Type '{ children: Element[]; }' has no properties in common with type 'IntrinsicAttributes & FormActionsBarProps'.
resources/js/pages/Fuel/Edit.tsx(293,8): error TS2739: Type '{}' is missing the following properties from type 'ScrollToTopFabProps': visible, onClick
resources/js/pages/Fuel/Index.tsx(152,4): error TS2304: Cannot find name 'FuelIndexProps'.
resources/js/pages/Fuel/Index.tsx(180,64): error TS2304: Cannot find name 'FuelRecord'.
resources/js/pages/Fuel/Index.tsx(311,40): error TS2304: Cannot find name 'FuelRecord'.
resources/js/pages/Fuel/Index.tsx(454,42): error TS7006: Parameter 'option' implicitly has an 'any' type.
resources/js/pages/Fuel/Index.tsx(477,25): error TS7006: Parameter 'record' implicitly has an 'any' type.
resources/js/pages/Fuel/Index.tsx(477,33): error TS7006: Parameter 'index' implicitly has an 'any' type.
resources/js/pages/Fuel/Index.tsx(553,27): error TS7006: Parameter 'record' implicitly has an 'any' type.
resources/js/pages/Fuel/Index.tsx(553,35): error TS7006: Parameter 'index' implicitly has an 'any' type.
resources/js/pages/Fuel/Index.tsx(565,31): error TS18046: 'item' is of type 'unknown'.
resources/js/pages/Fuel/Index.tsx(568,95): error TS18046: 'item' is of type 'unknown'.
resources/js/pages/Fuel/Index.tsx(569,50): error TS18046: 'item' is of type 'unknown'.
resources/js/pages/Fuel/Index.tsx(573,39): error TS18046: 'item' is of type 'unknown'.
resources/js/pages/Fuel/Index.tsx(578,101): error TS18046: 'item' is of type 'unknown'.
resources/js/pages/Fuel/Index.tsx(582,90): error TS18046: 'item' is of type 'unknown'.
resources/js/pages/Fuel/Index.tsx(586,103): error TS18046: 'item' is of type 'unknown'.
resources/js/pages/Fuel/Index.tsx(590,105): error TS18046: 'item' is of type 'unknown'.
resources/js/pages/Fuel/Index.tsx(598,50): error TS18046: 'item' is of type 'unknown'.
resources/js/pages/Fuel/Index.tsx(606,50): error TS18046: 'item' is of type 'unknown'.
resources/js/pages/Fuel/Index.tsx(617,62): error TS18046: 'item' is of type 'unknown'.
resources/js/pages/Fuel/Index.tsx(618,76): error TS18046: 'item' is of type 'unknown'.
resources/js/pages/Fuel/Index.tsx(660,43): error TS7006: Parameter 'option' implicitly has an 'any' type.
resources/js/pages/Fuel/Index.tsx(673,40): error TS7006: Parameter 'truck' implicitly has an 'any' type.
resources/js/pages/Fuel/Index.tsx(686,41): error TS7006: Parameter 'driver' implicitly has an 'any' type.
resources/js/pages/Maintenance/Create.tsx(347,98): error TS2322: Type '{ children: Element; label: string; required: true; error: string; hint: string; }' is not assignable to type 'IntrinsicAttributes & FormFieldProps'.
  Property 'hint' does not exist on type 'IntrinsicAttributes & FormFieldProps'.
resources/js/pages/Maintenance/Create.tsx(351,82): error TS2322: Type '{ children: Element; label: string; required: true; error: string; hint: string; }' is not assignable to type 'IntrinsicAttributes & FormFieldProps'.
  Property 'hint' does not exist on type 'IntrinsicAttributes & FormFieldProps'.
resources/js/pages/Maintenance/Create.tsx(406,62): error TS2322: Type '{ children: Element; label: string; hint: string; }' is not assignable to type 'IntrinsicAttributes & FormFieldProps'.
  Property 'hint' does not exist on type 'IntrinsicAttributes & FormFieldProps'.
resources/js/pages/Maintenance/Create.tsx(417,16): error TS2741: Property 'id' is missing in type '{ children: Element; label: string; }' but required in type 'FormFieldProps'.
resources/js/pages/Maintenance/Create.tsx(426,16): error TS2741: Property 'id' is missing in type '{ children: Element; label: string; }' but required in type 'FormFieldProps'.
resources/js/pages/Maintenance/Create.tsx(436,16): error TS2741: Property 'id' is missing in type '{ children: Element; label: string; }' but required in type 'FormFieldProps'.
resources/js/pages/Maintenance/Create.tsx(448,14): error TS2741: Property 'id' is missing in type '{ children: Element; label: string; }' but required in type 'FormFieldProps'.
resources/js/pages/Maintenance/Create.tsx(458,14): error TS2741: Property 'id' is missing in type '{ children: Element; label: string; }' but required in type 'FormFieldProps'.
resources/js/pages/Maintenance/Create.tsx(468,14): error TS2741: Property 'id' is missing in type '{ children: Element; label: string; }' but required in type 'FormFieldProps'.
resources/js/pages/Maintenance/Create.tsx(492,8): error TS2559: Type '{ children: Element[]; }' has no properties in common with type 'IntrinsicAttributes & FormActionsBarProps'.
resources/js/pages/Maintenance/Create.tsx(515,8): error TS2739: Type '{}' is missing the following properties from type 'ScrollToTopFabProps': visible, onClick
resources/js/pages/Maintenance/Edit.tsx(486,14): error TS2741: Property 'id' is missing in type '{ children: Element; label: string; required: true; error: string; }' but required in type 'FormFieldProps'.
resources/js/pages/Maintenance/Edit.tsx(490,80): error TS2322: Type '{ children: Element; label: string; required: true; error: string; hint: string; }' is not assignable to type 'IntrinsicAttributes & FormFieldProps'.
  Property 'hint' does not exist on type 'IntrinsicAttributes & FormFieldProps'.
resources/js/pages/Maintenance/Edit.tsx(539,60): error TS2322: Type '{ children: Element; label: string; hint: string; }' is not assignable to type 'IntrinsicAttributes & FormFieldProps'.
  Property 'hint' does not exist on type 'IntrinsicAttributes & FormFieldProps'.
resources/js/pages/Maintenance/Edit.tsx(545,14): error TS2741: Property 'id' is missing in type '{ children: Element; label: string; error: string; }' but required in type 'FormFieldProps'.
resources/js/pages/Maintenance/Edit.tsx(549,14): error TS2741: Property 'id' is missing in type '{ children: Element; label: string; }' but required in type 'FormFieldProps'.
resources/js/pages/Maintenance/Edit.tsx(553,14): error TS2741: Property 'id' is missing in type '{ children: Element; label: string; }' but required in type 'FormFieldProps'.
resources/js/pages/Maintenance/Edit.tsx(558,12): error TS2741: Property 'id' is missing in type '{ children: Element; label: string; }' but required in type 'FormFieldProps'.
resources/js/pages/Maintenance/Edit.tsx(562,12): error TS2741: Property 'id' is missing in type '{ children: Element; label: string; }' but required in type 'FormFieldProps'.
resources/js/pages/Maintenance/Edit.tsx(566,12): error TS2741: Property 'id' is missing in type '{ children: Element; label: string; }' but required in type 'FormFieldProps'.
resources/js/pages/Maintenance/Edit.tsx(580,8): error TS2559: Type '{ children: Element[]; }' has no properties in common with type 'IntrinsicAttributes & FormActionsBarProps'.
resources/js/pages/Maintenance/Edit.tsx(584,161): error TS2322: Type 'FormEventHandler<HTMLFormElement>' is not assignable to type 'MouseEventHandler<HTMLButtonElement>'.
  Types of parameters 'event' and 'event' are incompatible.
    Type 'MouseEvent<HTMLButtonElement, MouseEvent>' is not assignable to type 'FormEvent<HTMLFormElement>'.
      Types of property 'currentTarget' are incompatible.
        Type 'EventTarget & HTMLButtonElement' is not assignable to type 'EventTarget & HTMLFormElement'.
          Type 'EventTarget & HTMLButtonElement' is missing the following properties from type 'HTMLFormElement': acceptCharset, action, autocomplete, elements, and 12 more.
resources/js/pages/Maintenance/Edit.tsx(599,8): error TS2739: Type '{}' is missing the following properties from type 'ScrollToTopFabProps': visible, onClick
resources/js/pages/MaintenanceTypes/Create.tsx(152,16): error TS2741: Property 'id' is missing in type '{ children: Element; label: string; required: true; error: string; }' but required in type 'FormFieldProps'.
resources/js/pages/MaintenanceTypes/Create.tsx(162,16): error TS2741: Property 'id' is missing in type '{ children: Element; label: string; required: true; error: string; }' but required in type 'FormFieldProps'.
resources/js/pages/MaintenanceTypes/Create.tsx(179,16): error TS2741: Property 'id' is missing in type '{ children: Element; label: string; error: string; }' but required in type 'FormFieldProps'.
resources/js/pages/MaintenanceTypes/Create.tsx(189,16): error TS2741: Property 'id' is missing in type '{ children: Element; label: string; error: string; }' but required in type 'FormFieldProps'.
resources/js/pages/MaintenanceTypes/Create.tsx(199,16): error TS2741: Property 'id' is missing in type '{ children: Element; label: string; error: string; }' but required in type 'FormFieldProps'.
resources/js/pages/MaintenanceTypes/Create.tsx(211,16): error TS2741: Property 'id' is missing in type '{ children: Element; label: string; error: string; }' but required in type 'FormFieldProps'.
resources/js/pages/MaintenanceTypes/Create.tsx(222,16): error TS2741: Property 'id' is missing in type '{ children: Element; label: string; error: string; }' but required in type 'FormFieldProps'.
resources/js/pages/MaintenanceTypes/Create.tsx(238,8): error TS2559: Type '{ children: Element[]; }' has no properties in common with type 'IntrinsicAttributes & FormActionsBarProps'.
resources/js/pages/MaintenanceTypes/Create.tsx(254,8): error TS2739: Type '{}' is missing the following properties from type 'ScrollToTopFabProps': visible, onClick
resources/js/pages/MaintenanceTypes/Edit.tsx(181,14): error TS2741: Property 'id' is missing in type '{ children: Element; label: string; required: true; error: string; }' but required in type 'FormFieldProps'.
resources/js/pages/MaintenanceTypes/Edit.tsx(185,14): error TS2741: Property 'id' is missing in type '{ children: Element; label: string; required: true; error: string; }' but required in type 'FormFieldProps'.
resources/js/pages/MaintenanceTypes/Edit.tsx(202,14): error TS2741: Property 'id' is missing in type '{ children: Element; label: string; error: string; }' but required in type 'FormFieldProps'.
resources/js/pages/MaintenanceTypes/Edit.tsx(206,14): error TS2741: Property 'id' is missing in type '{ children: Element; label: string; error: string; }' but required in type 'FormFieldProps'.
resources/js/pages/MaintenanceTypes/Edit.tsx(210,14): error TS2741: Property 'id' is missing in type '{ children: Element; label: string; error: string; }' but required in type 'FormFieldProps'.
resources/js/pages/MaintenanceTypes/Edit.tsx(216,14): error TS2741: Property 'id' is missing in type '{ children: Element; label: string; error: string; }' but required in type 'FormFieldProps'.
resources/js/pages/MaintenanceTypes/Edit.tsx(220,14): error TS2741: Property 'id' is missing in type '{ children: Element; label: string; error: string; }' but required in type 'FormFieldProps'.
resources/js/pages/MaintenanceTypes/Edit.tsx(235,8): error TS2559: Type '{ children: Element[]; }' has no properties in common with type 'IntrinsicAttributes & FormActionsBarProps'.
resources/js/pages/MaintenanceTypes/Edit.tsx(254,8): error TS2739: Type '{}' is missing the following properties from type 'ScrollToTopFabProps': visible, onClick
resources/js/pages/MaintenanceTypes/Show.tsx(211,31): error TS2322: Type '{ activityLogs: any[]; }' is not assignable to type 'IntrinsicAttributes & ActivityLogTableProps'.
  Property 'activityLogs' does not exist on type 'IntrinsicAttributes & ActivityLogTableProps'.
resources/js/pages/Operations/Create.tsx(337,14): error TS2741: Property 'id' is missing in type '{ children: Element; label: string; required: true; error: string; }' but required in type 'FormFieldProps'.
resources/js/pages/Operations/Create.tsx(348,16): error TS2741: Property 'id' is missing in type '{ children: Element; label: string; required: true; error: string; }' but required in type 'FormFieldProps'.
resources/js/pages/Operations/Create.tsx(384,14): error TS2741: Property 'id' is missing in type '{ children: Element; label: string; required: true; error: string; }' but required in type 'FormFieldProps'.
resources/js/pages/Operations/Create.tsx(396,14): error TS2741: Property 'id' is missing in type '{ children: Element; label: string; required: true; error: string; }' but required in type 'FormFieldProps'.
resources/js/pages/Operations/Create.tsx(412,16): error TS2741: Property 'id' is missing in type '{ children: Element; label: string; required: true; error: string; }' but required in type 'FormFieldProps'.
resources/js/pages/Operations/Create.tsx(472,14): error TS2741: Property 'id' is missing in type '{ children: Element; label: string; required: true; error: string; }' but required in type 'FormFieldProps'.
resources/js/pages/Operations/Create.tsx(488,16): error TS2741: Property 'id' is missing in type '{ children: Element; label: string; required: true; error: string; }' but required in type 'FormFieldProps'.
resources/js/pages/Operations/Create.tsx(524,14): error TS2741: Property 'id' is missing in type '{ children: Element; label: string; required: true; error: string; }' but required in type 'FormFieldProps'.
resources/js/pages/Operations/Create.tsx(535,14): error TS2741: Property 'id' is missing in type '{ children: Element; label: string; required: true; error: string; }' but required in type 'FormFieldProps'.
resources/js/pages/Operations/Create.tsx(554,14): error TS2741: Property 'id' is missing in type '{ children: Element; label: string; required: true; error: string; }' but required in type 'FormFieldProps'.
resources/js/pages/Operations/Create.tsx(585,8): error TS2559: Type '{ children: Element[]; }' has no properties in common with type 'IntrinsicAttributes & FormActionsBarProps'.
resources/js/pages/Operations/Create.tsx(608,8): error TS2739: Type '{}' is missing the following properties from type 'ScrollToTopFabProps': visible, onClick
resources/js/pages/Operations/Edit.tsx(363,14): error TS2741: Property 'id' is missing in type '{ children: Element; label: string; required: true; error: string; }' but required in type 'FormFieldProps'.
resources/js/pages/Operations/Edit.tsx(368,16): error TS2741: Property 'id' is missing in type '{ children: Element; label: string; required: true; error: string; }' but required in type 'FormFieldProps'.
resources/js/pages/Operations/Edit.tsx(397,14): error TS2741: Property 'id' is missing in type '{ children: Element; label: string; required: true; error: string; }' but required in type 'FormFieldProps'.
resources/js/pages/Operations/Edit.tsx(409,14): error TS2741: Property 'id' is missing in type '{ children: Element; label: string; required: true; error: string; }' but required in type 'FormFieldProps'.
resources/js/pages/Operations/Edit.tsx(424,93): error TS2322: Type '{ children: Element; label: string; required: true; error: string; hint: string; }' is not assignable to type 'IntrinsicAttributes & FormFieldProps'.
  Property 'hint' does not exist on type 'IntrinsicAttributes & FormFieldProps'.
resources/js/pages/Operations/Edit.tsx(467,14): error TS2741: Property 'id' is missing in type '{ children: Element; label: string; required: true; error: string; }' but required in type 'FormFieldProps'.
resources/js/pages/Operations/Edit.tsx(483,16): error TS2741: Property 'id' is missing in type '{ children: Element; label: string; required: true; error: string; }' but required in type 'FormFieldProps'.
resources/js/pages/Operations/Edit.tsx(512,14): error TS2741: Property 'id' is missing in type '{ children: Element; label: string; required: true; error: string; }' but required in type 'FormFieldProps'.
resources/js/pages/Operations/Edit.tsx(516,14): error TS2741: Property 'id' is missing in type '{ children: Element; label: string; required: true; error: string; }' but required in type 'FormFieldProps'.
resources/js/pages/Operations/Edit.tsx(524,14): error TS2741: Property 'id' is missing in type '{ children: Element; label: string; required: true; error: string; }' but required in type 'FormFieldProps'.
resources/js/pages/Operations/Edit.tsx(529,16): error TS2741: Property 'id' is missing in type '{ children: Element; label: string; }' but required in type 'FormFieldProps'.
resources/js/pages/Operations/Edit.tsx(537,8): error TS2559: Type '{ children: Element[]; }' has no properties in common with type 'IntrinsicAttributes & FormActionsBarProps'.
resources/js/pages/Operations/Edit.tsx(556,8): error TS2739: Type '{}' is missing the following properties from type 'ScrollToTopFabProps': visible, onClick
resources/js/pages/Operations/Show.tsx(487,65): error TS2304: Cannot find name 'Truck'.
resources/js/pages/Operations/Show.tsx(824,62): error TS2304: Cannot find name 'Activity'.
resources/js/pages/OutsourcePerformances/Create.tsx(289,22): error TS2345: Argument of type 'OutsourcePerformanceFormData[K]' is not assignable to parameter of type 'FormDataValues<OutsourcePerformanceFormData, K>'.
  Type 'string' is not assignable to type 'FormDataValues<OutsourcePerformanceFormData, K>'.
resources/js/pages/OutsourcePerformances/Create.tsx(400,15): error TS2345: Argument of type 'OutsourcePerformanceFormData' is not assignable to parameter of type 'keyof OutsourcePerformanceFormData'.
resources/js/pages/OutsourcePerformances/Create.tsx(417,31): error TS2339: Property 'error' does not exist on type 'FormDataErrors<OutsourcePerformanceFormData>'.
resources/js/pages/OutsourcePerformances/Create.tsx(417,53): error TS2339: Property 'error' does not exist on type 'FormDataErrors<OutsourcePerformanceFormData>'.
resources/js/pages/OutsourcePerformances/Create.tsx(439,16): error TS2741: Property 'id' is missing in type '{ children: Element; label: string; required: true; error: string; }' but required in type 'FormFieldProps'.
resources/js/pages/OutsourcePerformances/Create.tsx(494,17): error TS2322: Type '{ id: string; label: string; required: true; value: string; items: OperationOption[]; getValue: (operation: OperationOption) => number; getLabel: (operation: OperationOption) => string; ... 9 more ...; error: string | undefined; }' is not assignable to type 'IntrinsicAttributes & SearchableEntityComboboxProps<OperationOption>'.
  Property 'searchValue' does not exist on type 'IntrinsicAttributes & SearchableEntityComboboxProps<OperationOption>'.
resources/js/pages/OutsourcePerformances/Create.tsx(534,14): error TS2741: Property 'id' is missing in type '{ children: Element; label: string; required: true; error: string; }' but required in type 'FormFieldProps'.
resources/js/pages/OutsourcePerformances/Create.tsx(566,14): error TS2741: Property 'id' is missing in type '{ children: Element; label: string; required: true; error: string; }' but required in type 'FormFieldProps'.
resources/js/pages/OutsourcePerformances/Create.tsx(628,16): error TS2741: Property 'id' is missing in type '{ children: Element; label: string; error: string; }' but required in type 'FormFieldProps'.
resources/js/pages/OutsourcePerformances/Create.tsx(637,16): error TS2741: Property 'id' is missing in type '{ children: Element; label: string; error: string; }' but required in type 'FormFieldProps'.
resources/js/pages/OutsourcePerformances/Create.tsx(646,16): error TS2741: Property 'id' is missing in type '{ children: Element; label: string; }' but required in type 'FormFieldProps'.
resources/js/pages/OutsourcePerformances/Create.tsx(655,14): error TS2741: Property 'id' is missing in type '{ children: Element; label: string; error: string; }' but required in type 'FormFieldProps'.
resources/js/pages/OutsourcePerformances/Create.tsx(664,14): error TS2741: Property 'id' is missing in type '{ children: Element; label: string; }' but required in type 'FormFieldProps'.
resources/js/pages/OutsourcePerformances/Create.tsx(684,8): error TS2559: Type '{ children: Element[]; }' has no properties in common with type 'IntrinsicAttributes & FormActionsBarProps'.
resources/js/pages/OutsourcePerformances/Create.tsx(703,8): error TS2739: Type '{}' is missing the following properties from type 'ScrollToTopFabProps': visible, onClick
resources/js/pages/OutsourcePerformances/Edit.tsx(414,14): error TS2741: Property 'id' is missing in type '{ children: Element; label: string; required: true; error: string; }' but required in type 'FormFieldProps'.
resources/js/pages/OutsourcePerformances/Edit.tsx(442,17): error TS2322: Type '{ id: string; label: string; required: true; value: string; items: OperationOption[]; getValue: (operation: OperationOption) => number; getLabel: (operation: OperationOption) => string; ... 9 more ...; error: string | undefined; }' is not assignable to type 'IntrinsicAttributes & SearchableEntityComboboxProps<OperationOption>'.
  Property 'searchValue' does not exist on type 'IntrinsicAttributes & SearchableEntityComboboxProps<OperationOption>'.
resources/js/pages/OutsourcePerformances/Edit.tsx(454,14): error TS2741: Property 'id' is missing in type '{ children: Element; label: string; required: true; error: string; }' but required in type 'FormFieldProps'.
resources/js/pages/OutsourcePerformances/Edit.tsx(489,14): error TS2741: Property 'id' is missing in type '{ children: Element; label: string; error: string; }' but required in type 'FormFieldProps'.
resources/js/pages/OutsourcePerformances/Edit.tsx(493,14): error TS2741: Property 'id' is missing in type '{ children: Element; label: string; error: string; }' but required in type 'FormFieldProps'.
resources/js/pages/OutsourcePerformances/Edit.tsx(497,14): error TS2741: Property 'id' is missing in type '{ children: Element; label: string; }' but required in type 'FormFieldProps'.
resources/js/pages/OutsourcePerformances/Edit.tsx(505,14): error TS2741: Property 'id' is missing in type '{ children: Element; label: string; error: string; }' but required in type 'FormFieldProps'.
resources/js/pages/OutsourcePerformances/Edit.tsx(509,14): error TS2741: Property 'id' is missing in type '{ children: Element; label: string; }' but required in type 'FormFieldProps'.
resources/js/pages/OutsourcePerformances/Edit.tsx(523,8): error TS2559: Type '{ children: Element[]; }' has no properties in common with type 'IntrinsicAttributes & FormActionsBarProps'.
resources/js/pages/OutsourcePerformances/Edit.tsx(533,8): error TS2739: Type '{}' is missing the following properties from type 'ScrollToTopFabProps': visible, onClick
resources/js/pages/OutsourcePerformances/Show.tsx(421,24): error TS2322: Type 'StatusSlice[]' is not assignable to type 'ChartDataInput[]'.
  Type 'StatusSlice' is not assignable to type 'ChartDataInput'.
    Index signature for type 'string' is missing in type 'StatusSlice'.
resources/js/pages/Outsources/Create.tsx(216,31): error TS2339: Property 'error' does not exist on type 'FormDataErrors<OutsourceFormData>'.
resources/js/pages/Outsources/Create.tsx(216,53): error TS2339: Property 'error' does not exist on type 'FormDataErrors<OutsourceFormData>'.
resources/js/pages/Outsources/Create.tsx(242,16): error TS2741: Property 'id' is missing in type '{ children: Element; label: string; required: true; error: string; }' but required in type 'FormFieldProps'.
resources/js/pages/Outsources/Create.tsx(252,16): error TS2741: Property 'id' is missing in type '{ children: Element; label: string; required: true; error: string; }' but required in type 'FormFieldProps'.
resources/js/pages/Outsources/Create.tsx(269,16): error TS2741: Property 'id' is missing in type '{ children: Element; label: string; error: string; }' but required in type 'FormFieldProps'.
resources/js/pages/Outsources/Create.tsx(303,16): error TS2741: Property 'id' is missing in type '{ children: Element; label: string; required: true; error: string; }' but required in type 'FormFieldProps'.
resources/js/pages/Outsources/Create.tsx(313,16): error TS2741: Property 'id' is missing in type '{ children: Element; label: string; error: string; }' but required in type 'FormFieldProps'.
resources/js/pages/Outsources/Create.tsx(325,16): error TS2741: Property 'id' is missing in type '{ children: Element; label: string; error: string; }' but required in type 'FormFieldProps'.
resources/js/pages/Outsources/Create.tsx(335,16): error TS2741: Property 'id' is missing in type '{ children: Element; label: string; }' but required in type 'FormFieldProps'.
resources/js/pages/Outsources/Create.tsx(368,8): error TS2559: Type '{ children: Element[]; }' has no properties in common with type 'IntrinsicAttributes & FormActionsBarProps'.
resources/js/pages/Outsources/Create.tsx(391,8): error TS2739: Type '{}' is missing the following properties from type 'ScrollToTopFabProps': visible, onClick
resources/js/pages/Outsources/Edit.tsx(289,16): error TS2741: Property 'id' is missing in type '{ children: Element; label: string; required: true; error: string; }' but required in type 'FormFieldProps'.
resources/js/pages/Outsources/Edit.tsx(293,16): error TS2741: Property 'id' is missing in type '{ children: Element; label: string; required: true; error: string; }' but required in type 'FormFieldProps'.
resources/js/pages/Outsources/Edit.tsx(309,45): error TS2322: Type '{ children: (false | Element)[]; label: string; hint: string | undefined; }' is not assignable to type 'IntrinsicAttributes & FormFieldProps'.
  Property 'hint' does not exist on type 'IntrinsicAttributes & FormFieldProps'.
resources/js/pages/Outsources/Edit.tsx(331,16): error TS2741: Property 'id' is missing in type '{ children: Element; label: string; required: true; error: string; }' but required in type 'FormFieldProps'.
resources/js/pages/Outsources/Edit.tsx(335,16): error TS2741: Property 'id' is missing in type '{ children: Element; label: string; error: string; }' but required in type 'FormFieldProps'.
resources/js/pages/Outsources/Edit.tsx(341,16): error TS2741: Property 'id' is missing in type '{ children: Element; label: string; error: string; }' but required in type 'FormFieldProps'.
resources/js/pages/Outsources/Edit.tsx(345,16): error TS2741: Property 'id' is missing in type '{ children: Element; label: string; }' but required in type 'FormFieldProps'.
resources/js/pages/Outsources/Edit.tsx(357,12): error TS2741: Property 'children' is missing in type '{ title: string; description: string; icon: Element; }' but required in type 'FormSectionProps'.
resources/js/pages/Outsources/Edit.tsx(360,10): error TS2559: Type '{ children: Element[]; }' has no properties in common with type 'IntrinsicAttributes & FormActionsBarProps'.
resources/js/pages/Outsources/Edit.tsx(379,10): error TS2739: Type '{}' is missing the following properties from type 'ScrollToTopFabProps': visible, onClick
resources/js/pages/Outsources/Index.tsx(144,45): error TS2503: Cannot find namespace 'JSX'.
resources/js/pages/Outsources/Index.tsx(476,92): error TS2503: Cannot find namespace 'JSX'.
resources/js/pages/Performances/Create.tsx(440,23): error TS2345: Argument of type 'PerformanceFormData' is not assignable to parameter of type 'keyof PerformanceFormData'.
resources/js/pages/Performances/Create.tsx(572,29): error TS2322: Type '{ id: string; required: true; value: string; items: Operation[]; getValue: (operation: Operation) => string; getLabel: (operation: Operation) => string; getDescription: (operation: Operation) => string | undefined; ... 9 more ...; showErrorMessage: false; }' is not assignable to type 'IntrinsicAttributes & SearchableEntityComboboxProps<Operation>'.
  Property 'searchValue' does not exist on type 'IntrinsicAttributes & SearchableEntityComboboxProps<Operation>'.
resources/js/pages/Performances/Edit.tsx(645,29): error TS2322: Type '{ id: string; required: true; value: string; items: Operation[]; getValue: (operation: Operation) => string; getLabel: (operation: Operation) => string; getDescription: (operation: Operation) => string | undefined; ... 9 more ...; showErrorMessage: false; }' is not assignable to type 'IntrinsicAttributes & SearchableEntityComboboxProps<Operation>'.
  Property 'searchValue' does not exist on type 'IntrinsicAttributes & SearchableEntityComboboxProps<Operation>'.
resources/js/pages/Performances/Show.tsx(232,16): error TS2304: Cannot find name 'Activity'.
resources/js/pages/Performances/Show.tsx(236,45): error TS2304: Cannot find name 'Activity'.
resources/js/pages/Performances/Show.tsx(326,14): error TS2304: Cannot find name 'Activity'.
resources/js/pages/Performances/Show.tsx(730,62): error TS2304: Cannot find name 'Activity'.
resources/js/pages/Places/Create.tsx(407,11): error TS2322: Type '{ processing: boolean; disabled: boolean; cancelHref: string; submitLabel: string; isDirty: boolean; }' is not assignable to type 'IntrinsicAttributes & FormActionsBarProps'.
  Property 'processing' does not exist on type 'IntrinsicAttributes & FormActionsBarProps'.
resources/js/pages/Places/Create.tsx(415,23): error TS2322: Type '{ show: boolean; onClick: () => void; }' is not assignable to type 'IntrinsicAttributes & ScrollToTopFabProps'.
  Property 'show' does not exist on type 'IntrinsicAttributes & ScrollToTopFabProps'.
resources/js/pages/Places/Edit.tsx(185,14): error TS2741: Property 'id' is missing in type '{ children: Element; label: string; required: true; error: string; }' but required in type 'FormFieldProps'.
resources/js/pages/Places/Edit.tsx(189,14): error TS2741: Property 'id' is missing in type '{ children: Element; label: string; required: true; error: string; }' but required in type 'FormFieldProps'.
resources/js/pages/Places/Edit.tsx(204,14): error TS2741: Property 'id' is missing in type '{ children: Element; label: string; required: true; error: string; }' but required in type 'FormFieldProps'.
resources/js/pages/Places/Edit.tsx(216,14): error TS2741: Property 'id' is missing in type '{ children: Element; label: string; error: string; }' but required in type 'FormFieldProps'.
resources/js/pages/Places/Edit.tsx(233,14): error TS2741: Property 'id' is missing in type '{ children: Element; label: string; error: string; }' but required in type 'FormFieldProps'.
resources/js/pages/Places/Edit.tsx(237,14): error TS2741: Property 'id' is missing in type '{ children: Element; label: string; error: string; }' but required in type 'FormFieldProps'.
resources/js/pages/Places/Edit.tsx(241,14): error TS2741: Property 'id' is missing in type '{ children: Element; label: string; error: string; }' but required in type 'FormFieldProps'.
resources/js/pages/Places/Edit.tsx(247,14): error TS2741: Property 'id' is missing in type '{ children: Element; label: string; error: string; }' but required in type 'FormFieldProps'.
resources/js/pages/Places/Edit.tsx(251,14): error TS2741: Property 'id' is missing in type '{ children: Element; label: string; error: string; }' but required in type 'FormFieldProps'.
resources/js/pages/Places/Edit.tsx(265,47): error TS2322: Type '{ children: Element; label: string; hint: string; }' is not assignable to type 'IntrinsicAttributes & FormFieldProps'.
  Property 'hint' does not exist on type 'IntrinsicAttributes & FormFieldProps'.
resources/js/pages/Places/Edit.tsx(277,12): error TS2741: Property 'id' is missing in type '{ children: Element; label: string; }' but required in type 'FormFieldProps'.
resources/js/pages/Places/Edit.tsx(287,12): error TS2741: Property 'id' is missing in type '{ children: Element; label: string; }' but required in type 'FormFieldProps'.
resources/js/pages/Places/Edit.tsx(297,12): error TS2741: Property 'id' is missing in type '{ children: Element; label: string; }' but required in type 'FormFieldProps'.
resources/js/pages/Places/Edit.tsx(309,8): error TS2559: Type '{ children: Element[]; }' has no properties in common with type 'IntrinsicAttributes & FormActionsBarProps'.
resources/js/pages/Places/Edit.tsx(328,8): error TS2739: Type '{}' is missing the following properties from type 'ScrollToTopFabProps': visible, onClick
resources/js/pages/Regions/Create.tsx(462,21): error TS2322: Type '{ processing: boolean; disabled: boolean; cancelHref: string; submitLabel: string; isDirty: boolean; }' is not assignable to type 'IntrinsicAttributes & FormActionsBarProps'.
  Property 'processing' does not exist on type 'IntrinsicAttributes & FormActionsBarProps'.
resources/js/pages/Regions/Create.tsx(470,29): error TS2322: Type '{ show: boolean; onClick: () => void; }' is not assignable to type 'IntrinsicAttributes & ScrollToTopFabProps'.
  Property 'show' does not exist on type 'IntrinsicAttributes & ScrollToTopFabProps'.
resources/js/pages/Regions/Edit.tsx(170,14): error TS2741: Property 'id' is missing in type '{ children: Element; label: string; required: true; error: string; }' but required in type 'FormFieldProps'.
resources/js/pages/Regions/Edit.tsx(174,14): error TS2741: Property 'id' is missing in type '{ children: Element; label: string; error: string; }' but required in type 'FormFieldProps'.
resources/js/pages/Regions/Edit.tsx(178,14): error TS2741: Property 'id' is missing in type '{ children: Element; label: string; required: true; error: string; }' but required in type 'FormFieldProps'.
resources/js/pages/Regions/Edit.tsx(190,14): error TS2741: Property 'id' is missing in type '{ children: Element; label: string; error: string; }' but required in type 'FormFieldProps'.
resources/js/pages/Regions/Edit.tsx(198,14): error TS2741: Property 'id' is missing in type '{ children: Element; label: string; error: string; }' but required in type 'FormFieldProps'.
resources/js/pages/Regions/Edit.tsx(202,14): error TS2741: Property 'id' is missing in type '{ children: Element; label: string; error: string; }' but required in type 'FormFieldProps'.
resources/js/pages/Regions/Edit.tsx(206,14): error TS2741: Property 'id' is missing in type '{ children: Element; label: string; error: string; }' but required in type 'FormFieldProps'.
resources/js/pages/Regions/Edit.tsx(212,14): error TS2741: Property 'id' is missing in type '{ children: Element; label: string; error: string; }' but required in type 'FormFieldProps'.
resources/js/pages/Regions/Edit.tsx(216,14): error TS2741: Property 'id' is missing in type '{ children: Element; label: string; error: string; }' but required in type 'FormFieldProps'.
resources/js/pages/Regions/Edit.tsx(224,14): error TS2741: Property 'id' is missing in type '{ children: Element; label: string; error: string; }' but required in type 'FormFieldProps'.
resources/js/pages/Regions/Edit.tsx(237,14): error TS2741: Property 'id' is missing in type '{ children: Element; label: string; error: string; }' but required in type 'FormFieldProps'.
resources/js/pages/Regions/Edit.tsx(242,12): error TS2741: Property 'id' is missing in type '{ children: Element; label: string; }' but required in type 'FormFieldProps'.
resources/js/pages/Regions/Edit.tsx(252,12): error TS2741: Property 'id' is missing in type '{ children: Element; label: string; }' but required in type 'FormFieldProps'.
resources/js/pages/Regions/Edit.tsx(262,12): error TS2741: Property 'id' is missing in type '{ children: Element; label: string; }' but required in type 'FormFieldProps'.
resources/js/pages/Regions/Edit.tsx(274,8): error TS2559: Type '{ children: Element[]; }' has no properties in common with type 'IntrinsicAttributes & FormActionsBarProps'.
resources/js/pages/Regions/Edit.tsx(293,8): error TS2739: Type '{}' is missing the following properties from type 'ScrollToTopFabProps': visible, onClick
resources/js/pages/Reports/CapacityPlanning.tsx(218,50): error TS2345: Argument of type 'Record<string, unknown>' is not assignable to parameter of type 'RequestPayload | undefined'.
  Type 'Record<string, unknown>' is missing the following properties from type 'FormData': append, delete, get, getAll, and 7 more.
resources/js/pages/Reports/CapacityPlanning.tsx(305,45): error TS2345: Argument of type '"pdf"' is not assignable to parameter of type '"csv" | "xlsx"'.
resources/js/pages/Reports/CostPerKilometer.tsx(153,51): error TS2345: Argument of type 'Record<string, unknown>' is not assignable to parameter of type 'RequestPayload | undefined'.
  Type 'Record<string, unknown>' is missing the following properties from type 'FormData': append, delete, get, getAll, and 7 more.
resources/js/pages/Reports/CostPerKilometer.tsx(390,49): error TS2322: Type '({ name, percent }: { name: string; percent: number; }) => string' is not assignable to type 'PieLabel | undefined'.
  Type '({ name, percent }: { name: string; percent: number; }) => string' is not assignable to type '(props: PieLabelRenderProps) => ReactNode | ReactElement<SVGElement, string | JSXElementConstructor<any>>'.
    Types of parameters '__0' and 'props' are incompatible.
      Property 'percent' is missing in type 'PieLabelRenderProps' but required in type '{ name: string; percent: number; }'.
resources/js/pages/Reports/CustomerProfitability.tsx(180,55): error TS2345: Argument of type 'Record<string, unknown>' is not assignable to parameter of type 'RequestPayload | undefined'.
  Type 'Record<string, unknown>' is missing the following properties from type 'FormData': append, delete, get, getAll, and 7 more.
resources/js/pages/Reports/DailyStatus.tsx(218,45): error TS2345: Argument of type 'Record<string, unknown>' is not assignable to parameter of type 'RequestPayload | undefined'.
  Type 'Record<string, unknown>' is missing the following properties from type 'FormData': append, delete, get, getAll, and 7 more.
resources/js/pages/Reports/DailyStatus.tsx(283,80): error TS2554: Expected 1 arguments, but got 2.
resources/js/pages/Reports/DriverTruckGrading.tsx(238,53): error TS2345: Argument of type 'Record<string, unknown>' is not assignable to parameter of type 'RequestPayload | undefined'.
  Type 'Record<string, unknown>' is missing the following properties from type 'FormData': append, delete, get, getAll, and 7 more.
resources/js/pages/Reports/DriverTruckGrading.tsx(286,99): error TS2561: Object literal may only specify known properties, but 'preserveScroll' does not exist in type 'ReloadOptions<RequestPayload>'. Did you mean to write 'preserveUrl'?
resources/js/pages/Reports/DriverTruckGrading.tsx(567,79): error TS2322: Type '{ links: PaginationLink[]; meta: PaginationMeta; preserveScroll: true; preserveState: true; }' is not assignable to type 'IntrinsicAttributes & InertiaPaginationProps'.
  Property 'meta' does not exist on type 'IntrinsicAttributes & InertiaPaginationProps'.
resources/js/pages/Reports/FleetFinancial.tsx(185,48): error TS2345: Argument of type 'Record<string, unknown>' is not assignable to parameter of type 'RequestPayload | undefined'.
  Type 'Record<string, unknown>' is missing the following properties from type 'FormData': append, delete, get, getAll, and 7 more.
resources/js/pages/Reports/FleetFinancial.tsx(267,45): error TS2345: Argument of type '"pdf"' is not assignable to parameter of type '"csv" | "xlsx"'.
resources/js/pages/Reports/FuelEfficiency.tsx(585,33): error TS2322: Type '{ url: string | null; label: string; active?: boolean | undefined; }[]' is not assignable to type 'ListingPaginationLink[]'.
  Type '{ url: string | null; label: string; active?: boolean | undefined; }' is not assignable to type 'ListingPaginationLink'.
    Types of property 'active' are incompatible.
      Type 'boolean | undefined' is not assignable to type 'boolean'.
        Type 'undefined' is not assignable to type 'boolean'.
resources/js/pages/Reports/LoadFactorUtilization.tsx(319,22): error TS2741: Property 'onApply' is missing in type '{ open: boolean; onOpenChange: Dispatch<SetStateAction<boolean>>; activeFilterCount: number; from: string; to: string; onDateChange: (field: "from" | "to", value: string) => void; ... 10 more ...; dateError: string | null; }' but required in type 'ReportFiltersDialogProps'.
resources/js/pages/Reports/LoadFactorUtilization.tsx(485,91): error TS18046: 'percent' is of type 'unknown'.
resources/js/pages/Reports/Maintenance.tsx(357,44): error TS2345: Argument of type 'Record<string, unknown>' is not assignable to parameter of type 'RequestPayload | undefined'.
  Type 'Record<string, unknown>' is missing the following properties from type 'FormData': append, delete, get, getAll, and 7 more.
resources/js/pages/Reports/Maintenance.tsx(409,17): error TS2345: Argument of type '{ [x: string]: unknown; }' is not assignable to parameter of type 'RequestPayload | undefined'.
  Type '{ [x: string]: unknown; }' is missing the following properties from type 'FormData': append, delete, get, getAll, and 7 more.
resources/js/pages/Reports/NetworkOptimization.tsx(176,53): error TS2345: Argument of type 'Record<string, unknown>' is not assignable to parameter of type 'RequestPayload | undefined'.
  Type 'Record<string, unknown>' is missing the following properties from type 'FormData': append, delete, get, getAll, and 7 more.
resources/js/pages/Reports/NetworkOptimization.tsx(274,45): error TS2345: Argument of type '"pdf"' is not assignable to parameter of type '"csv" | "xlsx"'.
resources/js/pages/Reports/OperationProfitability.tsx(189,56): error TS2345: Argument of type 'Record<string, unknown>' is not assignable to parameter of type 'RequestPayload | undefined'.
  Type 'Record<string, unknown>' is missing the following properties from type 'FormData': append, delete, get, getAll, and 7 more.
resources/js/pages/Reports/OperationProfitability.tsx(356,21): error TS2322: Type '{ open: boolean; onOpenChange: Dispatch<SetStateAction<boolean>>; activeFilterCount: number; from: string; to: string; onDateChange: (field: "from" | "to", value: string) => void; ... 12 more ...; dateError: string | null; }' is not assignable to type 'IntrinsicAttributes & ReportFiltersDialogProps'.
  Property 'serviceTypeOptions' does not exist on type 'IntrinsicAttributes & ReportFiltersDialogProps'.
resources/js/pages/Reports/OutsourcePerformance.tsx(232,54): error TS2345: Argument of type 'Record<string, unknown>' is not assignable to parameter of type 'RequestPayload | undefined'.
  Type 'Record<string, unknown>' is missing the following properties from type 'FormData': append, delete, get, getAll, and 7 more.
resources/js/pages/Reports/PerformanceAll.tsx(242,48): error TS2345: Argument of type 'Record<string, unknown>' is not assignable to parameter of type 'RequestPayload | undefined'.
  Type 'Record<string, unknown>' is missing the following properties from type 'FormData': append, delete, get, getAll, and 7 more.
resources/js/pages/Reports/PerformanceAll.tsx(273,48): error TS2345: Argument of type 'Record<string, unknown>' is not assignable to parameter of type 'RequestPayload | undefined'.
  Type 'Record<string, unknown>' is missing the following properties from type 'FormData': append, delete, get, getAll, and 7 more.
resources/js/pages/Reports/RouteProfitability.tsx(446,21): error TS2322: Type '{ open: boolean; onOpenChange: Dispatch<SetStateAction<boolean>>; activeFilterCount: number; from: string; to: string; onDateChange: (field: "from" | "to", value: string) => void; ... 12 more ...; extraFilters: Element; }' is not assignable to type 'IntrinsicAttributes & ReportFiltersDialogProps'.
  Property 'extraFilters' does not exist on type 'IntrinsicAttributes & ReportFiltersDialogProps'.
resources/js/pages/Roles/Show.tsx(274,27): error TS2322: Type '{ activityLogs: ActivityLog[]; }' is not assignable to type 'IntrinsicAttributes & ActivityLogTableProps'.
  Property 'activityLogs' does not exist on type 'IntrinsicAttributes & ActivityLogTableProps'.
resources/js/pages/settings/driver-grading.tsx(379,29): error TS2561: Object literal may only specify known properties, but 'preserveScroll' does not exist in type 'ReloadOptions<RequestPayload>'. Did you mean to write 'preserveUrl'?
resources/js/pages/settings/driver-grading.tsx(823,91): error TS2322: Type '{ links: PaginatorLink[]; meta: PaginatorMeta; }' is not assignable to type 'IntrinsicAttributes & InertiaPaginationProps'.
  Property 'meta' does not exist on type 'IntrinsicAttributes & InertiaPaginationProps'.
resources/js/pages/settings/driver-truck-grading.tsx(502,29): error TS2561: Object literal may only specify known properties, but 'preserveScroll' does not exist in type 'ReloadOptions<RequestPayload>'. Did you mean to write 'preserveUrl'?
resources/js/pages/settings/truck-grading.tsx(453,29): error TS2561: Object literal may only specify known properties, but 'preserveScroll' does not exist in type 'ReloadOptions<RequestPayload>'. Did you mean to write 'preserveUrl'?
resources/js/pages/settings/truck-grading.tsx(891,90): error TS2322: Type '{ links: PaginatorLink[]; meta: PaginatorMeta; }' is not assignable to type 'IntrinsicAttributes & InertiaPaginationProps'.
  Property 'meta' does not exist on type 'IntrinsicAttributes & InertiaPaginationProps'.
resources/js/pages/Status/Index.tsx(112,39): error TS7006: Parameter 'truck' implicitly has an 'any' type.
resources/js/pages/Status/Index.tsx(494,68): error TS7006: Parameter 'entry' implicitly has an 'any' type.
resources/js/pages/Status/Index.tsx(566,40): error TS7006: Parameter 'truck' implicitly has an 'any' type.
resources/js/pages/Status/Index.tsx(633,45): error TS7006: Parameter 'entry' implicitly has an 'any' type.
resources/js/pages/Status/Index.tsx(651,63): error TS7006: Parameter 'entry' implicitly has an 'any' type.
resources/js/pages/Status/Index.tsx(731,45): error TS7006: Parameter 'entry' implicitly has an 'any' type.
resources/js/pages/Status/Index.tsx(771,62): error TS7006: Parameter 'truck' implicitly has an 'any' type.
resources/js/pages/Statuses/Create.tsx(78,6): error TS2741: Property 'breadcrumbs' is missing in type '{ children: Element[]; title: string; headTitle: string; description: string; icon: Element; }' but required in type 'FormPageLayoutProps'.
resources/js/pages/Statuses/Create.tsx(94,14): error TS2741: Property 'id' is missing in type '{ children: Element; label: string; required: true; error: string; }' but required in type 'FormFieldProps'.
resources/js/pages/Statuses/Create.tsx(104,14): error TS2741: Property 'id' is missing in type '{ children: Element; label: string; required: true; error: string; }' but required in type 'FormFieldProps'.
resources/js/pages/Statuses/Create.tsx(119,14): error TS2741: Property 'id' is missing in type '{ children: Element; label: string; error: string; }' but required in type 'FormFieldProps'.
resources/js/pages/Statuses/Create.tsx(132,8): error TS2559: Type '{ children: Element[]; }' has no properties in common with type 'IntrinsicAttributes & FormActionsBarProps'.
resources/js/pages/Statuses/Create.tsx(141,8): error TS2739: Type '{}' is missing the following properties from type 'ScrollToTopFabProps': visible, onClick
resources/js/pages/Statuses/Edit.tsx(45,54): error TS2769: No overload matches this call.
  Overload 1 of 2, '(initialValues?: Status | (() => Status) | undefined): InertiaFormProps<Status>', gave the following error.
    Type 'string' is not assignable to type 'number'.
  Overload 2 of 2, '(rememberKey: string, initialValues?: Status | (() => Status) | undefined): InertiaFormProps<Status>', gave the following error.
    Argument of type '{ id: number; name: string; status_type_id: string; description: string; }' is not assignable to parameter of type 'string'.
resources/js/pages/Statuses/Edit.tsx(113,12): error TS2741: Property 'id' is missing in type '{ children: Element; label: string; required: true; error: string | undefined; }' but required in type 'FormFieldProps'.
resources/js/pages/Statuses/Edit.tsx(117,12): error TS2741: Property 'id' is missing in type '{ children: Element; label: string; required: true; error: string | undefined; }' but required in type 'FormFieldProps'.
resources/js/pages/Statuses/Edit.tsx(118,21): error TS2322: Type 'number' is not assignable to type 'string'.
resources/js/pages/Statuses/Edit.tsx(132,12): error TS2741: Property 'id' is missing in type '{ children: Element; label: string; error: string | undefined; }' but required in type 'FormFieldProps'.
resources/js/pages/Statuses/Edit.tsx(138,8): error TS2559: Type '{ children: Element[]; }' has no properties in common with type 'IntrinsicAttributes & FormActionsBarProps'.
resources/js/pages/Statuses/Edit.tsx(157,8): error TS2739: Type '{}' is missing the following properties from type 'ScrollToTopFabProps': visible, onClick
resources/js/pages/Statuses/Index.tsx(264,9): error TS2322: Type 'number | null | undefined' is not assignable to type 'string | number | undefined'.
  Type 'null' is not assignable to type 'string | number | undefined'.
resources/js/pages/Statuses/Show.tsx(163,27): error TS2322: Type '{ activityLogs: ActivityLog[]; }' is not assignable to type 'IntrinsicAttributes & ActivityLogTableProps'.
  Property 'activityLogs' does not exist on type 'IntrinsicAttributes & ActivityLogTableProps'.
resources/js/pages/StatusTypes/Create.tsx(66,6): error TS2741: Property 'breadcrumbs' is missing in type '{ children: Element[]; title: string; headTitle: string; description: string; icon: Element; }' but required in type 'FormPageLayoutProps'.
resources/js/pages/StatusTypes/Create.tsx(82,14): error TS2741: Property 'id' is missing in type '{ children: Element; label: string; required: true; error: string; }' but required in type 'FormFieldProps'.
resources/js/pages/StatusTypes/Create.tsx(92,14): error TS2741: Property 'id' is missing in type '{ children: Element; label: string; error: string; }' but required in type 'FormFieldProps'.
resources/js/pages/StatusTypes/Create.tsx(105,8): error TS2559: Type '{ children: Element[]; }' has no properties in common with type 'IntrinsicAttributes & FormActionsBarProps'.
resources/js/pages/StatusTypes/Create.tsx(114,8): error TS2739: Type '{}' is missing the following properties from type 'ScrollToTopFabProps': visible, onClick
resources/js/pages/StatusTypes/Edit.tsx(104,12): error TS2741: Property 'id' is missing in type '{ children: Element; label: string; required: true; error: string | undefined; }' but required in type 'FormFieldProps'.
resources/js/pages/StatusTypes/Edit.tsx(108,12): error TS2741: Property 'id' is missing in type '{ children: Element; label: string; error: string | undefined; }' but required in type 'FormFieldProps'.
resources/js/pages/StatusTypes/Edit.tsx(114,8): error TS2559: Type '{ children: Element[]; }' has no properties in common with type 'IntrinsicAttributes & FormActionsBarProps'.
resources/js/pages/StatusTypes/Edit.tsx(133,8): error TS2739: Type '{}' is missing the following properties from type 'ScrollToTopFabProps': visible, onClick
resources/js/pages/StatusTypes/Show.tsx(135,27): error TS2322: Type '{ activityLogs: ActivityLog[]; }' is not assignable to type 'IntrinsicAttributes & ActivityLogTableProps'.
  Property 'activityLogs' does not exist on type 'IntrinsicAttributes & ActivityLogTableProps'.
resources/js/pages/Users/Create.tsx(305,14): error TS2741: Property 'id' is missing in type '{ children: Element; label: string; required: true; error: string; }' but required in type 'FormFieldProps'.
resources/js/pages/Users/Create.tsx(315,14): error TS2741: Property 'id' is missing in type '{ children: Element; label: string; required: true; error: string; }' but required in type 'FormFieldProps'.
resources/js/pages/Users/Create.tsx(333,14): error TS2741: Property 'id' is missing in type '{ children: Element; label: string; required: true; error: string; }' but required in type 'FormFieldProps'.
resources/js/pages/Users/Create.tsx(436,11): error TS2322: Type '{ children: Element; title: string; description: string; icon: Element; badge: Element; }' is not assignable to type 'IntrinsicAttributes & FormSectionProps'.
  Property 'badge' does not exist on type 'IntrinsicAttributes & FormSectionProps'.
resources/js/pages/Users/Create.tsx(619,8): error TS2559: Type '{ children: Element[]; }' has no properties in common with type 'IntrinsicAttributes & FormActionsBarProps'.
resources/js/pages/Users/Create.tsx(628,8): error TS2739: Type '{}' is missing the following properties from type 'ScrollToTopFabProps': visible, onClick
resources/js/pages/Users/Edit.tsx(147,43): error TS2554: Expected 1-2 arguments, but got 3.
resources/js/pages/Users/Show.tsx(216,54): error TS2322: Type '{ activityLogs: ActivityLog[]; }' is not assignable to type 'IntrinsicAttributes & ActivityLogTableProps'.
  Property 'activityLogs' does not exist on type 'IntrinsicAttributes & ActivityLogTableProps'.
resources/js/pages/VehicleTypes/Show.tsx(139,45): error TS2322: Type '{ children: Element; variant: "outline"; size: "sm"; as: true; Child: true; }' is not assignable to type 'IntrinsicAttributes & ClassAttributes<HTMLButtonElement> & ButtonHTMLAttributes<HTMLButtonElement> & VariantProps<...> & { ...; }'.
  Property 'as' does not exist on type 'IntrinsicAttributes & ClassAttributes<HTMLButtonElement> & ButtonHTMLAttributes<HTMLButtonElement> & VariantProps<...> & { ...; }'.
resources/js/pages/welcome.tsx(9,21): error TS2503: Cannot find namespace 'JSX'.
resources/js/pages/Woredas/Create.tsx(410,11): error TS2322: Type '{ processing: boolean; disabled: boolean; cancelHref: string; submitLabel: string; isDirty: boolean; }' is not assignable to type 'IntrinsicAttributes & FormActionsBarProps'.
  Property 'processing' does not exist on type 'IntrinsicAttributes & FormActionsBarProps'.
resources/js/pages/Woredas/Create.tsx(418,23): error TS2322: Type '{ show: boolean; onClick: () => void; }' is not assignable to type 'IntrinsicAttributes & ScrollToTopFabProps'.
  Property 'show' does not exist on type 'IntrinsicAttributes & ScrollToTopFabProps'.
resources/js/pages/Woredas/Edit.tsx(175,14): error TS2741: Property 'id' is missing in type '{ children: Element; label: string; required: true; error: string; }' but required in type 'FormFieldProps'.
resources/js/pages/Woredas/Edit.tsx(179,14): error TS2741: Property 'id' is missing in type '{ children: Element; label: string; required: true; error: string; }' but required in type 'FormFieldProps'.
resources/js/pages/Woredas/Edit.tsx(194,14): error TS2741: Property 'id' is missing in type '{ children: Element; label: string; required: true; error: string; }' but required in type 'FormFieldProps'.
resources/js/pages/Woredas/Edit.tsx(206,14): error TS2741: Property 'id' is missing in type '{ children: Element; label: string; error: string; }' but required in type 'FormFieldProps'.
resources/js/pages/Woredas/Edit.tsx(211,16): error TS2741: Property 'id' is missing in type '{ children: Element; label: string; error: string; }' but required in type 'FormFieldProps'.
resources/js/pages/Woredas/Edit.tsx(226,14): error TS2741: Property 'id' is missing in type '{ children: Element; label: string; error: string; }' but required in type 'FormFieldProps'.
resources/js/pages/Woredas/Edit.tsx(230,14): error TS2741: Property 'id' is missing in type '{ children: Element; label: string; error: string; }' but required in type 'FormFieldProps'.
resources/js/pages/Woredas/Edit.tsx(234,14): error TS2741: Property 'id' is missing in type '{ children: Element; label: string; error: string; }' but required in type 'FormFieldProps'.
resources/js/pages/Woredas/Edit.tsx(240,14): error TS2741: Property 'id' is missing in type '{ children: Element; label: string; error: string; }' but required in type 'FormFieldProps'.
resources/js/pages/Woredas/Edit.tsx(244,14): error TS2741: Property 'id' is missing in type '{ children: Element; label: string; error: string; }' but required in type 'FormFieldProps'.
resources/js/pages/Woredas/Edit.tsx(252,14): error TS2741: Property 'id' is missing in type '{ children: Element; label: string; error: string; }' but required in type 'FormFieldProps'.
resources/js/pages/Woredas/Edit.tsx(265,14): error TS2741: Property 'id' is missing in type '{ children: Element; label: string; }' but required in type 'FormFieldProps'.
resources/js/pages/Woredas/Edit.tsx(276,12): error TS2741: Property 'id' is missing in type '{ children: Element; label: string; }' but required in type 'FormFieldProps'.
resources/js/pages/Woredas/Edit.tsx(286,12): error TS2741: Property 'id' is missing in type '{ children: Element; label: string; }' but required in type 'FormFieldProps'.
resources/js/pages/Woredas/Edit.tsx(298,8): error TS2559: Type '{ children: Element[]; }' has no properties in common with type 'IntrinsicAttributes & FormActionsBarProps'.
resources/js/pages/Woredas/Edit.tsx(317,8): error TS2739: Type '{}' is missing the following properties from type 'ScrollToTopFabProps': visible, onClick
resources/js/pages/Zones/Create.tsx(410,11): error TS2322: Type '{ processing: boolean; disabled: boolean; cancelHref: string; submitLabel: string; isDirty: boolean; }' is not assignable to type 'IntrinsicAttributes & FormActionsBarProps'.
  Property 'processing' does not exist on type 'IntrinsicAttributes & FormActionsBarProps'.
resources/js/pages/Zones/Create.tsx(418,23): error TS2322: Type '{ show: boolean; onClick: () => void; }' is not assignable to type 'IntrinsicAttributes & ScrollToTopFabProps'.
  Property 'show' does not exist on type 'IntrinsicAttributes & ScrollToTopFabProps'.
resources/js/pages/Zones/Edit.tsx(175,14): error TS2741: Property 'id' is missing in type '{ children: Element; label: string; required: true; error: string; }' but required in type 'FormFieldProps'.
resources/js/pages/Zones/Edit.tsx(179,14): error TS2741: Property 'id' is missing in type '{ children: Element; label: string; required: true; error: string; }' but required in type 'FormFieldProps'.
resources/js/pages/Zones/Edit.tsx(194,14): error TS2741: Property 'id' is missing in type '{ children: Element; label: string; required: true; error: string; }' but required in type 'FormFieldProps'.
resources/js/pages/Zones/Edit.tsx(206,14): error TS2741: Property 'id' is missing in type '{ children: Element; label: string; error: string; }' but required in type 'FormFieldProps'.
resources/js/pages/Zones/Edit.tsx(211,16): error TS2741: Property 'id' is missing in type '{ children: Element; label: string; error: string; }' but required in type 'FormFieldProps'.
resources/js/pages/Zones/Edit.tsx(226,14): error TS2741: Property 'id' is missing in type '{ children: Element; label: string; error: string; }' but required in type 'FormFieldProps'.
resources/js/pages/Zones/Edit.tsx(230,14): error TS2741: Property 'id' is missing in type '{ children: Element; label: string; error: string; }' but required in type 'FormFieldProps'.
resources/js/pages/Zones/Edit.tsx(234,14): error TS2741: Property 'id' is missing in type '{ children: Element; label: string; error: string; }' but required in type 'FormFieldProps'.
resources/js/pages/Zones/Edit.tsx(240,14): error TS2741: Property 'id' is missing in type '{ children: Element; label: string; error: string; }' but required in type 'FormFieldProps'.
resources/js/pages/Zones/Edit.tsx(244,14): error TS2741: Property 'id' is missing in type '{ children: Element; label: string; error: string; }' but required in type 'FormFieldProps'.
resources/js/pages/Zones/Edit.tsx(252,14): error TS2741: Property 'id' is missing in type '{ children: Element; label: string; error: string; }' but required in type 'FormFieldProps'.
resources/js/pages/Zones/Edit.tsx(265,14): error TS2741: Property 'id' is missing in type '{ children: Element; label: string; }' but required in type 'FormFieldProps'.
resources/js/pages/Zones/Edit.tsx(276,12): error TS2741: Property 'id' is missing in type '{ children: Element; label: string; }' but required in type 'FormFieldProps'.
resources/js/pages/Zones/Edit.tsx(286,12): error TS2741: Property 'id' is missing in type '{ children: Element; label: string; }' but required in type 'FormFieldProps'.
resources/js/pages/Zones/Edit.tsx(298,8): error TS2559: Type '{ children: Element[]; }' has no properties in common with type 'IntrinsicAttributes & FormActionsBarProps'.
resources/js/pages/Zones/Edit.tsx(317,8): error TS2739: Type '{}' is missing the following properties from type 'ScrollToTopFabProps': visible, onClick
resources/js/pages/Zones/Show.tsx(105,11): error TS2339: Property 'hasPermissions' does not exist on type '{ permissions: string[]; hasPermission: (permission: string) => boolean; hasAnyPermission: (permissionList: string[]) => boolean; hasAllPermissions: (permissionList: string[]) => boolean; }'.
resources/js/pages/Zones/Show.tsx(182,13): error TS2304: Cannot find name 'hasPermission'.
resources/js/pages/Zones/Show.tsx(182,44): error TS2304: Cannot find name 'hasPermission'.
resources/js/pages/Zones/Show.tsx(184,16): error TS2304: Cannot find name 'hasPermission'.
resources/js/pages/Zones/Show.tsx(192,16): error TS2304: Cannot find name 'hasPermission'.
resources/js/pages/Zones/Show.tsx(348,245): error TS2322: Type '{ open: boolean; onOpenChange: Dispatch<SetStateAction<boolean>>; title: string; description: string; itemName: string; onConfirm: () => void; isDeleting: boolean; }' is not assignable to type 'IntrinsicAttributes & DeleteConfirmationDialogProps'.
  Property 'isDeleting' does not exist on type 'IntrinsicAttributes & DeleteConfirmationDialogProps'.
